// Jest Snapshot v1, https://goo.gl/fbAQLP

exports[`<ClockInScreen /> renders correctly 1`] = `
<View
  style={
    Array [
      Object {
        "backgroundColor": "#fff",
      },
      Object {
        "height": 667,
        "justifyContent": "center",
      },
    ]
  }
>
  <ActivityIndicator
    animating={true}
    color="#E11383"
    hidesWhenStopped={true}
    size="large"
  />
</View>
`;
